../Core/Src/main.c:85:5:main	8	static
../Core/Src/main.c:169:6:SystemClock_Config	88	static
../Core/Src/main.c:215:13:MX_ADC1_Init	24	static
../Core/Src/main.c:267:13:MX_TIM1_Init	96	static
../Core/Src/main.c:346:13:MX_USART1_UART_Init	8	static
../Core/Src/main.c:379:13:MX_USB_OTG_FS_PCD_Init	8	static
../Core/Src/main.c:414:13:MX_GPIO_Init	40	static
../Core/Src/main.c:442:17:AngleToCCR	24	static
../Core/Src/main.c:453:6:Pan_Servo_SetAngle	24	static
../Core/Src/main.c:458:17:ADC_Value_To_Angle	16	static
../Core/Src/main.c:475:6:StartDefaultTask	32	static
../Core/Src/main.c:512:6:HAL_TIM_PeriodElapsedCallback	16	static
../Core/Src/main.c:530:6:Error_Handler	4	static,ignoring_inline_asm
